"Weird_Chars","Second_column","count_poops_per_day"
