"Col_1_0","Col_1_1","Col_1_2","Col_1_3","Col_1_4","Col_1_5","Col_1_6"
"Col_2_0","Col_2_1","Col_2_2","Col_2_3","Col_2_4","",""
"Col_3_0","Col_3_1","Col_3_2","Col_3_3","Col_3_4","Col_3_5","Col_3_6"
"Col_4_0","Col_4_1","","","","",""
"Col_5_0","Col_5_1","Col_5_2","Col_5_3","Col_5_4","Col_5_5","Col_5_6"
